// Jest Snapshot v1, https://goo.gl/fbAQLP

exports[`merge export snapshots shows the help properly: help data is incorrect 1`] = `
"Usage: contentful merge export

Options:
  -h, --help                   Show help                               [boolean]
  --source-environment-id, -s  Source environment id         [string] [required]
  --target-environment-id, -t  Target environment id         [string] [required]
  --yes, -y                    Confirm Merge app installation without prompt
  --output-file, -o            Output file. It defaults to
                               ./migrations/<timestamp>-<space-id>-<source-envir
                               onment-id>-<target-environment-id>.js    [string]"
`;
