// Jest Snapshot v1, https://goo.gl/fbAQLP

exports[`merge show snapshots shows the help properly: help data is incorrect 1`] = `
"Usage: contentful merge show

Options:
  -h, --help                     Show help                             [boolean]
  --source-environment-id, --se  Source environment id       [string] [required]
  --target-environment-id, --te  Target environment id       [string] [required]
  --yes, -y                      Confirm Merge app installation without prompt"
`;
