// Jest Snapshot v1, https://goo.gl/fbAQLP

exports[`organization export snapshots should print help message: help data is correct 1`] = `
"Usage: contentful organization export

Options:
  -h, --help                Show help                                  [boolean]
  --management-token, --mt  Contentful management API token             [string]
  --organization-id, --oid  ID of Organization with source data
                                                             [string] [required]
  --header, -H              Pass an additional HTTP Header              [string]
  --output-file, -o         Output file. It defaults to
                            ./migrations/<timestamp>-<organization-id>.json
                                                                        [string]

See more at:
https://github.com/contentful/contentful-cli/tree/master/docs/organization/expor
t
Copyright 2013 Contentful"
`;
