// Jest Snapshot v1, https://goo.gl/fbAQLP

exports[`create environment - requires space id 1`] = `"You need to provide a space id. You can pass it via the [36m--space-id[39m parameter or by running [36mcontentful space use[39m"`;
