// Jest Snapshot v1, https://goo.gl/fbAQLP

exports[`Creates an extension with there is no one and force flag is present 1`] = `"extension does not exist"`;

exports[`Throws error if --version and --force are missing 1`] = `"Please provide current version or use the --force flag"`;

exports[`Throws error if id is missing 1`] = `"Missing required properties: id"`;

exports[`Throws error if name is missing 1`] = `"Missing required properties: name"`;

exports[`Throws error if wrong --version value is passed 1`] = `"Version provided does not match current resource version"`;
